Microchip MPLAB XC8 Compiler V2.45

Linker command line:

-W-3 \
  --edf=C:\Program Files\Microchip\xc8\v2.45\pic\dat\20230818022343_en.msgs \
  -cn -h+dist/default/debug\Tp2_Interface_CCP.X.debug.sym \
  --cmf=dist/default/debug\Tp2_Interface_CCP.X.debug.cmf -z -Q18F25K80 \
  -oC:\Users\e2263317\AppData\Local\Temp\xcAsrts.\driver_tmp_3.o \
  --defsym=__MPLAB_BUILD=1 --fixupoverflow=error \
  -Mdist/default/debug/Tp2_Interface_CCP.X.debug.map \
  --md=C:\Users\e2263317\AppData\Local\Temp\xcAsrts.\driver_tmp_0.dat -E1 \
  -ver=XC8 Compiler --acfsm=1493 -ACODE=00h-07FFFh -ACONST=00h-07FFFh \
  -ASMALLCONST=0F00h-0FFFhx113 -AMEDIUMCONST=0F00h-07FFFh -ACOMRAM=01h-05Fh \
  -AABS1=00h-0E40h -ABIGRAM=01h-0E40h \
  -ARAM=060h-0FFh,0100h-01FFhx13,0E00h-0E40h -ABANK0=060h-0FFh \
  -ABANK1=0100h-01FFh -ABANK2=0200h-02FFh -ABANK3=0300h-03FFh \
  -ABANK4=0400h-04FFh -ABANK5=0500h-05FFh -ABANK6=0600h-06FFh \
  -ABANK7=0700h-07FFh -ABANK8=0800h-08FFh -ABANK9=0900h-09FFh \
  -ABANK10=0A00h-0AFFh -ABANK11=0B00h-0BFFh -ABANK12=0C00h-0CFFh \
  -ABANK13=0D00h-0DFFh -ABANK14=0E00h-0E40h \
  -ASFR=0E41h-0EFFh,0F00h-0F5Fh,0F60h-0FFFh -ABIGSFR=0E41h-0FFFh \
  -ACONFIG=0300000h-030000Dh -AIDLOC=0200000h-0200007h \
  -AEEDATA=0F00000h-0F003FFh -peeprom_data=EEDATA \
  -preset_vec=00h,intcode=08h,intcodelo,powerup,init -pramtop=0F00h \
  -psmallconst=SMALLCONST -pmediumconst=MEDIUMCONST -pconst=CONST \
  -AFARRAM=00h-00h \
  -prdata=COMRAM,nvrram=COMRAM,nvbit=COMRAM,rbss=COMRAM,rbit=COMRAM \
  -pfarbss=FARRAM,fardata=FARRAM,nvFARRAM=FARRAM \
  -pintsave_regs=BIGRAM,bigbss=BIGRAM,bigdata=BIGRAM -pbss=RAM \
  -pidata=CODE,irdata=CODE,ibigdata=CODE,ifardata=CODE -prparam=COMRAM \
  C:\Users\e2263317\AppData\Local\Temp\xcAsrts.\driver_tmp_9.o \
  dist/default/debug\Tp2_Interface_CCP.X.debug.o 

Object code version is 3.11

Machine type is 18F25K80



                Name                               Link     Load   Length Selector   Space Scale
C:\Users\e2263317\AppData\Local\Temp\xcAsrts.\driver_tmp_9.o
                config                           300000   300000        E        0       4
                init                                 D4       D4        4        4       0
                reset_vec                             0        0        4        0       0
dist/default/debug\Tp2_Interface_CCP.X.debug.o
                intcode                               8        8       CC        4       0
                config                           300000   300000        E        0       4
                temp                                 5A       5A        1        1       1
                smallconst                          F00      F00        2      780       0
                text29                             1D6C     1D6C       26      781       0
                text28                             1E30     1E30        6      781       0
                text27                             1E3C     1E3C        2      781       0
                text26                             1E2A     1E2A        6      781       0
                text25                             1B0A     1B0A       B0      781       0
                text24                             1CB2     1CB2       3C      781       0
                text23                             1E3A     1E3A        2      781       0
                text22                             1CEE     1CEE       30      781       0
                text20                             1C2E     1C2E       48      781       0
                text19                             1C76     1C76       3C      781       0
                text18                             1E20     1E20        A      781       0
                text17                             1E16     1E16        A      781       0
                text16                             1E0C     1E0C        A      781       0
                text15                             1E02     1E02        A      781       0
                text14                             1DF8     1DF8        A      781       0
                text13                             1BBA     1BBA       74      781       0
                text12                             1E36     1E36        4      781       0
                text11                             1DDC     1DDC       12      781       0
                text10                             1D1E     1D1E       28      781       0
                text9                              1DCA     1DCA       12      781       0
                text8                              1DEE     1DEE        A      781       0
                text7                              1D92     1D92       1E      781       0
                text6                              1DB0     1DB0       1A      781       0
                text5                              132C     132C      39A      781       0
                text4                              1938     1938      104      781       0
                text3                               F02      F02      42A      781       0
                text2                              1832     1832      106      781       0
                text1                              16C6     16C6      16C      781       0
                text0                              1A3C     1A3C       CE      781       0
                cstackCOMRAM                          1        1       4A        1       1
                cstackBANK0                          7C       7C        4       60       1
                bssBANK0                             60       60       18       60       1
                bssCOMRAM                            53       53        7        1       1
                cinit                              1D46     1D46       26      781       0
                nvBANK0                              78       78        4       60       1
                nvCOMRAM                             4B       4B        8        1       1

TOTAL           Name                               Link     Load   Length     Space
        CLASS   CODE           
                intcode                               8        8       CC         0
                init                                 D4       D4        4         0
                reset_vec                             0        0        4         0
                text29                             1D6C     1D6C       26         0
                text28                             1E30     1E30        6         0
                text27                             1E3C     1E3C        2         0
                text26                             1E2A     1E2A        6         0
                text25                             1B0A     1B0A       B0         0
                text24                             1CB2     1CB2       3C         0
                text23                             1E3A     1E3A        2         0
                text22                             1CEE     1CEE       30         0
                text20                             1C2E     1C2E       48         0
                text19                             1C76     1C76       3C         0
                text18                             1E20     1E20        A         0
                text17                             1E16     1E16        A         0
                text16                             1E0C     1E0C        A         0
                text15                             1E02     1E02        A         0
                text14                             1DF8     1DF8        A         0
                text13                             1BBA     1BBA       74         0
                text12                             1E36     1E36        4         0
                text11                             1DDC     1DDC       12         0
                text10                             1D1E     1D1E       28         0
                text9                              1DCA     1DCA       12         0
                text8                              1DEE     1DEE        A         0
                text7                              1D92     1D92       1E         0
                text6                              1DB0     1DB0       1A         0
                text5                              132C     132C      39A         0
                text4                              1938     1938      104         0
                text3                               F02      F02      42A         0
                text2                              1832     1832      106         0
                text1                              16C6     16C6      16C         0
                text0                              1A3C     1A3C       CE         0
                cinit                              1D46     1D46       26         0

        CLASS   CONST          

        CLASS   SMALLCONST     
                smallconst                          F00      F00        2         0

        CLASS   MEDIUMCONST    

        CLASS   COMRAM         
                temp                                 5A       5A        1         1
                cstackCOMRAM                          1        1       4A         1
                bssCOMRAM                            53       53        7         1
                nvCOMRAM                             4B       4B        8         1

        CLASS   ABS1           

        CLASS   BIGRAM         

        CLASS   RAM            

        CLASS   BANK0          
                cstackBANK0                          7C       7C        4         1
                bssBANK0                             60       60       18         1
                nvBANK0                              78       78        4         1

        CLASS   BANK1          

        CLASS   BANK2          

        CLASS   BANK3          

        CLASS   BANK4          

        CLASS   BANK5          

        CLASS   BANK6          

        CLASS   BANK7          

        CLASS   BANK8          

        CLASS   BANK9          

        CLASS   BANK10         

        CLASS   BANK11         

        CLASS   BANK12         

        CLASS   BANK13         

        CLASS   BANK14         

        CLASS   SFR            

        CLASS   BIGSFR         

        CLASS   CONFIG         
                config                           300000   300000        E         4

        CLASS   IDLOC          

        CLASS   EEDATA         

        CLASS   FARRAM         

        CLASS   HEAP           

        CLASS   STACK          



SEGMENTS        Name                           Load    Length   Top    Selector   Space  Class

                reset_vec                      000000  000004  000004         0       0  CODE    
                cstackCOMRAM                   000001  00005A  00005B         1       1  COMRAM  
                intcode                        000008  0000D0  0000D8         4       0  CODE    
                bssBANK0                       000060  000020  000080        60       1  BANK0   
                smallconst                     000F00  000002  000F02       780       0  SMALLCON
                text3                          000F02  000F3C  001E3E       781       0  CODE    


UNUSED ADDRESS RANGES

        Name                Unused          Largest block    Delta
        BANK0            000080-0000FF               80
        BANK1            000100-0001FF              100
        BANK10           000A00-000AFF              100
        BANK11           000B00-000BFF              100
        BANK12           000C00-000CFF              100
        BANK13           000D00-000DFF              100
        BANK14           000E00-000E40               41
        BANK2            000200-0002FF              100
        BANK3            000300-0003FF              100
        BANK4            000400-0004FF              100
        BANK5            000500-0005FF              100
        BANK6            000600-0006FF              100
        BANK7            000700-0007FF              100
        BANK8            000800-0008FF              100
        BANK9            000900-0009FF              100
        BIGRAM           00005B-00005F                5
                         000080-000E40              DC1
        BIGSFR           000E41-000FFF              1BF
        CODE             000004-000007                4
                         0000D8-000EFF              E28
                         001E3E-007FFF             61C2
        COMRAM           00005B-00005F                5
        CONST            000004-000007                4
                         0000D8-000EFF              E28
                         001E3E-007FFF             61C2
        EEDATA           F00000-F003FF              400
        IDLOC            200000-200007                8
        MEDIUMCONST      001E3E-007FFF             61C2
        RAM              000080-000E40              100
        SFR              000E41-000FFF               BF
        SMALLCONST       001E3E-007FFF              100

                                  Symbol Table

?___fldiv                                       cstackCOMRAM 000005
?___flmul                                       cstackCOMRAM 00001E
?___fltol                                       cstackCOMRAM 000037
?_trouver_CPPR                                  cstackCOMRAM 000041
EUSART1_Read@readValue                          cstackCOMRAM 000005
EUSART1_SetErrorHandler@interruptHandler        cstackCOMRAM 000005
EUSART1_SetFramingErrorHandler@interruptHandler cstackCOMRAM 000005
EUSART1_SetOverrunErrorHandler@interruptHandler cstackCOMRAM 000005
EUSART1_SetRxInterruptHandler@interruptHandler  cstackCOMRAM 000005
EUSART1_SetTxInterruptHandler@interruptHandler  cstackCOMRAM 000005
PWM2_LoadDutyValue@dutyValue                    cstackCOMRAM 000049
TMR2_SetInterruptHandler@InterruptHandler       cstackCOMRAM 000005
_ANCON0                                         (abs)        000F5D
_ANCON1                                         (abs)        000F5C
_BAUDCON1                                       (abs)        000FA7
_CCP2CON                                        (abs)        000F50
_CCPR2H                                         (abs)        000F52
_CCPR2L                                         (abs)        000F51
_CCPTMRSbits                                    (abs)        000F99
_EUSART1_DefaultErrorHandler                    text28       001E30
_EUSART1_DefaultFramingErrorHandler             text27       001E3C
_EUSART1_DefaultOverrunErrorHandler             text26       001E2A
_EUSART1_ErrorHandler                           nvBANK0      000078
_EUSART1_FramingErrorHandler                    nvCOMRAM     00004D
_EUSART1_Initialize                             text13       001BBA
_EUSART1_OverrunErrorHandler                    nvBANK0      00007A
_EUSART1_Read                                   text20       001C2E
_EUSART1_Receive_ISR                            text25       001B0A
_EUSART1_RxDataHandler                          text29       001D6C
_EUSART1_RxDefaultInterruptHandler              nvCOMRAM     00004F
_EUSART1_SetErrorHandler                        text18       001E20
_EUSART1_SetFramingErrorHandler                 text17       001E16
_EUSART1_SetOverrunErrorHandler                 text16       001E0C
_EUSART1_SetRxInterruptHandler                  text15       001E02
_EUSART1_SetTxInterruptHandler                  text14       001DF8
_EUSART1_Transmit_ISR                           text24       001CB2
_EUSART1_TxDefaultInterruptHandler              nvCOMRAM     000051
_INTCON2bits                                    (abs)        000FF1
_INTCONbits                                     (abs)        000FF2
_INTERRUPT_Initialize                           text12       001E36
_INTERRUPT_InterruptManager                     intcode      000008
_LATA                                           (abs)        000F89
_LATB                                           (abs)        000F8A
_LATC                                           (abs)        000F8B
_OSCCON                                         (abs)        000FD3
_OSCCON2                                        (abs)        000FD2
_OSCILLATOR_Initialize                          text11       001DDC
_OSCTUNE                                        (abs)        000F9B
_PIE1bits                                       (abs)        000F9D
_PIN_MANAGER_Initialize                         text10       001D1E
_PIR1bits                                       (abs)        000F9E
_PR2                                            (abs)        000FCB
_PWM2_Initialize                                text9        001DCA
_PWM2_LoadDutyValue                             text19       001C76
_RCONbits                                       (abs)        000FD0
_RCREG1                                         (abs)        000FAE
_RCSTA1                                         (abs)        000FAB
_RCSTA1bits                                     (abs)        000FAB
_REFOCON                                        (abs)        000F9A
_SPBRG1                                         (abs)        000FAF
_SPBRGH1                                        (abs)        000F7D
_SYSTEM_Initialize                              text6        001DB0
_T2CON                                          (abs)        000FCA
_T2CONbits                                      (abs)        000FCA
_TMR2                                           (abs)        000FCC
_TMR2_DefaultInterruptHandler                   text23       001E3A
_TMR2_ISR                                       text22       001CEE
_TMR2_Initialize                                text7        001D92
_TMR2_InterruptHandler                          nvCOMRAM     00004B
_TMR2_SetInterruptHandler                       text8        001DEE
_TRISA                                          (abs)        000F92
_TRISB                                          (abs)        000F93
_TRISC                                          (abs)        000F94
_TXREG1                                         (abs)        000FAD
_TXSTA1                                         (abs)        000FAC
_TXSTA1bits                                     (abs)        000FAC
_WPUB                                           (abs)        000F5B
__HRAM                                          (abs)        000000
__H__absolute__                                 __absolute__ 000000
__Habs1                                         abs1         000000
__Hbank0                                        bank0        000000
__Hbank1                                        bank1        000000
__Hbank10                                       bank10       000000
__Hbank11                                       bank11       000000
__Hbank12                                       bank12       000000
__Hbank13                                       bank13       000000
__Hbank14                                       bank14       000000
__Hbank2                                        bank2        000000
__Hbank3                                        bank3        000000
__Hbank4                                        bank4        000000
__Hbank5                                        bank5        000000
__Hbank6                                        bank6        000000
__Hbank7                                        bank7        000000
__Hbank8                                        bank8        000000
__Hbank9                                        bank9        000000
__Hbigbss                                       bigbss       000000
__Hbigdata                                      bigdata      000000
__Hbigram                                       bigram       000000
__Hbigsfr                                       bigsfr       000000
__Hbss                                          bss          000000
__HbssBANK0                                     bssBANK0     000000
__HbssCOMRAM                                    bssCOMRAM    000000
__Hcinit                                        cinit        000000
__Hclrtext                                      clrtext      000000
__Hcomram                                       comram       000000
__Hconfig                                       config       30000E
__Hconst                                        const        000000
__HcstackBANK0                                  cstackBANK0  000000
__HcstackCOMRAM                                 cstackCOMRAM 000000
__Hdata                                         data         000000
__Heeprom_data                                  eeprom_data  000000
__Hfarbss                                       farbss       000000
__Hfardata                                      fardata      000000
__Hheap                                         heap         000000
__Hibigdata                                     ibigdata     000000
__Hidata                                        idata        000000
__Hidloc                                        idloc        000000
__Hifardata                                     ifardata     000000
__Hinit                                         init         0000D8
__Hintcode                                      intcode      0000D4
__Hintcode_body                                 intcode_body 000000
__Hintcodelo                                    intcodelo    0000D4
__Hintentry                                     intentry     000000
__Hintret                                       intret       000000
__Hintsave_regs                                 intsave_regs 000000
__Hirdata                                       irdata       000000
__Hmediumconst                                  mediumconst  000000
__HnvBANK0                                      nvBANK0      000000
__HnvCOMRAM                                     nvCOMRAM     000000
__HnvFARRAM                                     nvFARRAM     000000
__Hnvbit                                        nvbit        000000
__Hnvrram                                       nvrram       000000
__Hparam                                        rparam       000000
__Hpowerup                                      powerup      0000D4
__Hram                                          ram          000000
__Hramtop                                       ramtop       000F00
__Hrbit                                         rbit         000000
__Hrbss                                         rbss         000000
__Hrdata                                        rdata        000000
__Hreset_vec                                    reset_vec    000004
__Hrparam                                       rparam       000000
__Hsfr                                          sfr          000000
__Hsmallconst                                   smallconst   000F02
__Hspace_0                                      (abs)        001E3E
__Hspace_1                                      (abs)        000080
__Hspace_2                                      (abs)        000000
__Hspace_4                                      (abs)        60000E
__Hstack                                        stack        000000
__Hstruct                                       struct       000000
__Htemp                                         temp         00005B
__Htext                                         text         000000
__Htext0                                        text0        000000
__Htext1                                        text1        000000
__Htext10                                       text10       000000
__Htext11                                       text11       000000
__Htext12                                       text12       000000
__Htext13                                       text13       000000
__Htext14                                       text14       000000
__Htext15                                       text15       000000
__Htext16                                       text16       000000
__Htext17                                       text17       000000
__Htext18                                       text18       000000
__Htext19                                       text19       000000
__Htext2                                        text2        000000
__Htext20                                       text20       000000
__Htext22                                       text22       000000
__Htext23                                       text23       000000
__Htext24                                       text24       000000
__Htext25                                       text25       000000
__Htext26                                       text26       000000
__Htext27                                       text27       000000
__Htext28                                       text28       000000
__Htext29                                       text29       000000
__Htext3                                        text3        000000
__Htext30                                       text30       000000
__Htext4                                        text4        000000
__Htext5                                        text5        000000
__Htext6                                        text6        000000
__Htext7                                        text7        000000
__Htext8                                        text8        000000
__Htext9                                        text9        000000
__LRAM                                          (abs)        000001
__L__absolute__                                 __absolute__ 000000
__Labs1                                         abs1         000000
__Lbank0                                        bank0        000000
__Lbank1                                        bank1        000000
__Lbank10                                       bank10       000000
__Lbank11                                       bank11       000000
__Lbank12                                       bank12       000000
__Lbank13                                       bank13       000000
__Lbank14                                       bank14       000000
__Lbank2                                        bank2        000000
__Lbank3                                        bank3        000000
__Lbank4                                        bank4        000000
__Lbank5                                        bank5        000000
__Lbank6                                        bank6        000000
__Lbank7                                        bank7        000000
__Lbank8                                        bank8        000000
__Lbank9                                        bank9        000000
__Lbigbss                                       bigbss       000000
__Lbigdata                                      bigdata      000000
__Lbigram                                       bigram       000000
__Lbigsfr                                       bigsfr       000000
__Lbss                                          bss          000000
__LbssBANK0                                     bssBANK0     000000
__LbssCOMRAM                                    bssCOMRAM    000000
__Lcinit                                        cinit        000000
__Lclrtext                                      clrtext      000000
__Lcomram                                       comram       000000
__Lconfig                                       config       000000
__Lconst                                        const        000000
__LcstackBANK0                                  cstackBANK0  000000
__LcstackCOMRAM                                 cstackCOMRAM 000000
__Ldata                                         data         000000
__Leeprom_data                                  eeprom_data  000000
__Lfarbss                                       farbss       000000
__Lfardata                                      fardata      000000
__Lheap                                         heap         000000
__Libigdata                                     ibigdata     000000
__Lidata                                        idata        000000
__Lidloc                                        idloc        000000
__Lifardata                                     ifardata     000000
__Linit                                         init         0000D4
__Lintcode                                      intcode      000008
__Lintcode_body                                 intcode_body 000000
__Lintcodelo                                    intcodelo    0000D4
__Lintentry                                     intentry     000000
__Lintret                                       intret       000000
__Lintsave_regs                                 intsave_regs 000000
__Lirdata                                       irdata       000000
__Lmediumconst                                  mediumconst  000000
__LnvBANK0                                      nvBANK0      000000
__LnvCOMRAM                                     nvCOMRAM     000000
__LnvFARRAM                                     nvFARRAM     000000
__Lnvbit                                        nvbit        000000
__Lnvrram                                       nvrram       000000
__Lparam                                        rparam       000000
__Lpowerup                                      powerup      0000D4
__Lram                                          ram          000000
__Lramtop                                       ramtop       000F00
__Lrbit                                         rbit         000000
__Lrbss                                         rbss         000000
__Lrdata                                        rdata        000000
__Lreset_vec                                    reset_vec    000000
__Lrparam                                       rparam       000000
__Lsfr                                          sfr          000000
__Lsmallconst                                   smallconst   000F00
__Lspace_0                                      (abs)        000000
__Lspace_1                                      (abs)        000000
__Lspace_2                                      (abs)        000000
__Lspace_4                                      (abs)        000000
__Lstack                                        stack        000000
__Lstruct                                       struct       000000
__Ltemp                                         temp         00005A
__Ltext                                         text         000000
__Ltext0                                        text0        000000
__Ltext1                                        text1        000000
__Ltext10                                       text10       000000
__Ltext11                                       text11       000000
__Ltext12                                       text12       000000
__Ltext13                                       text13       000000
__Ltext14                                       text14       000000
__Ltext15                                       text15       000000
__Ltext16                                       text16       000000
__Ltext17                                       text17       000000
__Ltext18                                       text18       000000
__Ltext19                                       text19       000000
__Ltext2                                        text2        000000
__Ltext20                                       text20       000000
__Ltext22                                       text22       000000
__Ltext23                                       text23       000000
__Ltext24                                       text24       000000
__Ltext25                                       text25       000000
__Ltext26                                       text26       000000
__Ltext27                                       text27       000000
__Ltext28                                       text28       000000
__Ltext29                                       text29       000000
__Ltext3                                        text3        000000
__Ltext30                                       text30       000000
__Ltext4                                        text4        000000
__Ltext5                                        text5        000000
__Ltext6                                        text6        000000
__Ltext7                                        text7        000000
__Ltext8                                        text8        000000
__Ltext9                                        text9        000000
__S0                                            (abs)        001E3E
__S1                                            (abs)        000080
__S4                                            (abs)        000000
__S5                                            (abs)        000000
___fldiv                                        text5        00132C
___fldiv@a                                      cstackCOMRAM 000009
___fldiv@aexp                                   cstackCOMRAM 00001D
___fldiv@b                                      cstackCOMRAM 000005
___fldiv@bexp                                   cstackCOMRAM 00001C
___fldiv@grs                                    cstackCOMRAM 000018
___fldiv@new_exp                                cstackCOMRAM 000016
___fldiv@rem                                    cstackCOMRAM 000011
___fldiv@sign                                   cstackCOMRAM 000015
___flge                                         text4        001938
___flge@ff1                                     cstackCOMRAM 000005
___flge@ff2                                     cstackCOMRAM 000009
___flmul                                        text3        000F02
___flmul@a                                      cstackCOMRAM 000022
___flmul@aexp                                   cstackCOMRAM 00002F
___flmul@b                                      cstackCOMRAM 00001E
___flmul@bexp                                   cstackCOMRAM 000030
___flmul@grs                                    cstackCOMRAM 00002B
___flmul@prod                                   cstackCOMRAM 000031
___flmul@sign                                   cstackCOMRAM 00002A
___flmul@temp                                   cstackCOMRAM 000035
___fltol                                        text2        001832
___fltol@exp1                                   cstackCOMRAM 000040
___fltol@f1                                     cstackCOMRAM 000037
___fltol@sign1                                  cstackCOMRAM 00003F
___heap_hi                                      (abs)        000000
___heap_lo                                      (abs)        000000
___inthi_sp                                     stack        000000
___inthi_stack_hi                               stack        000000
___inthi_stack_lo                               stack        000000
___intlo_sp                                     stack        000000
___intlo_stack_hi                               stack        000000
___intlo_stack_lo                               stack        000000
___param_bank                                   (abs)        000000
___rparam_used                                  (abs)        000001
___sp                                           stack        000000
___stack_hi                                     stack        000000
___stack_lo                                     stack        000000
__accesstop                                     (abs)        000060
__activetblptr                                  (abs)        000002
__end_of_EUSART1_DefaultErrorHandler            text28       001E36
__end_of_EUSART1_DefaultFramingErrorHandler     text27       001E3E
__end_of_EUSART1_DefaultOverrunErrorHandler     text26       001E30
__end_of_EUSART1_Initialize                     text13       001C2E
__end_of_EUSART1_Read                           text20       001C76
__end_of_EUSART1_Receive_ISR                    text25       001BBA
__end_of_EUSART1_RxDataHandler                  text29       001D92
__end_of_EUSART1_SetErrorHandler                text18       001E2A
__end_of_EUSART1_SetFramingErrorHandler         text17       001E20
__end_of_EUSART1_SetOverrunErrorHandler         text16       001E16
__end_of_EUSART1_SetRxInterruptHandler          text15       001E0C
__end_of_EUSART1_SetTxInterruptHandler          text14       001E02
__end_of_EUSART1_Transmit_ISR                   text24       001CEE
__end_of_INTERRUPT_Initialize                   text12       001E3A
__end_of_INTERRUPT_InterruptManager             intcode      0000D4
__end_of_OSCILLATOR_Initialize                  text11       001DEE
__end_of_PIN_MANAGER_Initialize                 text10       001D46
__end_of_PWM2_Initialize                        text9        001DDC
__end_of_PWM2_LoadDutyValue                     text19       001CB2
__end_of_SYSTEM_Initialize                      text6        001DCA
__end_of_TMR2_DefaultInterruptHandler           text23       001E3C
__end_of_TMR2_ISR                               text22       001D1E
__end_of_TMR2_Initialize                        text7        001DB0
__end_of_TMR2_SetInterruptHandler               text8        001DF8
__end_of___fldiv                                text5        0016C6
__end_of___flge                                 text4        001A3C
__end_of___flmul                                text3        00132C
__end_of___fltol                                text2        001938
__end_of__initialization                        cinit        001D5E
__end_of_main                                   text0        001B0A
__end_of_trouver_CPPR                           text1        001832
__initialization                                cinit        001D46
__mediumconst                                   mediumconst  000000
__pbssBANK0                                     bssBANK0     000060
__pbssCOMRAM                                    bssCOMRAM    000053
__pcinit                                        cinit        001D46
__pcstackBANK0                                  cstackBANK0  00007C
__pcstackCOMRAM                                 cstackCOMRAM 000001
__pintcode                                      intcode      000008
__pnvBANK0                                      nvBANK0      000078
__pnvCOMRAM                                     nvCOMRAM     00004B
__psmallconst                                   smallconst   000F00
__ptext0                                        text0        001A3C
__ptext1                                        text1        0016C6
__ptext10                                       text10       001D1E
__ptext11                                       text11       001DDC
__ptext12                                       text12       001E36
__ptext13                                       text13       001BBA
__ptext14                                       text14       001DF8
__ptext15                                       text15       001E02
__ptext16                                       text16       001E0C
__ptext17                                       text17       001E16
__ptext18                                       text18       001E20
__ptext19                                       text19       001C76
__ptext2                                        text2        001832
__ptext20                                       text20       001C2E
__ptext22                                       text22       001CEE
__ptext23                                       text23       001E3A
__ptext24                                       text24       001CB2
__ptext25                                       text25       001B0A
__ptext26                                       text26       001E2A
__ptext27                                       text27       001E3C
__ptext28                                       text28       001E30
__ptext29                                       text29       001D6C
__ptext3                                        text3        000F02
__ptext30                                       text30       000000
__ptext4                                        text4        001938
__ptext5                                        text5        00132C
__ptext6                                        text6        001DB0
__ptext7                                        text7        001D92
__ptext8                                        text8        001DEE
__ptext9                                        text9        001DCA
__ramtop                                        ramtop       000F00
__smallconst                                    smallconst   000F00
_eusart1RxBuffer                                bssBANK0     000068
_eusart1RxCount                                 bssCOMRAM    000054
_eusart1RxHead                                  bssCOMRAM    000056
_eusart1RxLastError                             bssCOMRAM    000053
_eusart1RxStatusBuffer                          bssBANK0     000060
_eusart1RxTail                                  bssCOMRAM    000055
_eusart1TxBuffer                                bssBANK0     000070
_eusart1TxBufferRemaining                       bssCOMRAM    000057
_eusart1TxHead                                  bssCOMRAM    000059
_eusart1TxTail                                  bssCOMRAM    000058
_main                                           text0        001A3C
_trouver_CPPR                                   text1        0016C6
_trouver_CPPR$1516                              cstackCOMRAM 000045
btemp                                           temp         00005A
end_of_initialization                           cinit        001D5E
int$flags                                       temp         00005A
intlevel0                                       text         000000
intlevel1                                       text         000000
intlevel2                                       text         000000
intlevel3                                       text         000000
isa$std                                         (abs)        000001
isa$xinst                                       (abs)        000000
stackhi                                         (abs)        000000
stacklo                                         (abs)        000000
start                                           init         0000D4
start_initialization                            cinit        001D46
trouver_CPPR@duty                               cstackCOMRAM 000041
ttemp5                                          temp         00005B
ttemp6                                          temp         00005E
ttemp7                                          temp         000062
wtemp8                                          temp         00005B


MODULE INFORMATION

Module		Function		Class		Link	Load	Size
mcc_generated_files/tmr2.c
		_TMR2_ISR      		CODE           	1CEE	0000	48
		_TMR2_Initialize		CODE           	1D92	0000	30
		_TMR2_SetInterruptHandler		CODE           	1DEE	0000	10
		_TMR2_DefaultInterruptHandler		CODE           	1E3A	0000	2

mcc_generated_files/tmr2.c estimated size: 90

mcc_generated_files/interrupt_manager.c
		_INTERRUPT_Initialize		CODE           	1E36	0000	4
		_INTERRUPT_InterruptManager		CODE           	0008	0000	204

mcc_generated_files/interrupt_manager.c estimated size: 208

mcc_generated_files/pwm2.c
		_PWM2_Initialize		CODE           	1DCA	0000	18
		_PWM2_LoadDutyValue		CODE           	1C76	0000	60

mcc_generated_files/pwm2.c estimated size: 78

mcc_generated_files/pin_manager.c
		_PIN_MANAGER_Initialize		CODE           	1D1E	0000	40

mcc_generated_files/pin_manager.c estimated size: 40

C:\Program Files\Microchip\xc8\v2.45\pic\sources\c99\common\sprcmul.c
		___flmul       		CODE           	0F02	0000	1066

C:\Program Files\Microchip\xc8\v2.45\pic\sources\c99\common\sprcmul.c estimated size: 1066

C:\Program Files\Microchip\xc8\v2.45\pic\sources\c99\common\sprcdiv.c
		___fldiv       		CODE           	132C	0000	922

C:\Program Files\Microchip\xc8\v2.45\pic\sources\c99\common\sprcdiv.c estimated size: 922

C:\Program Files\Microchip\xc8\v2.45\pic\sources\c99\common\flge.c
		___flge        		CODE           	1938	0000	260

C:\Program Files\Microchip\xc8\v2.45\pic\sources\c99\common\flge.c estimated size: 260

shared
		__initialization		CODE           	1D46	0000	24

shared estimated size: 24

mcc_generated_files/eusart1.c
		_EUSART1_SetRxInterruptHandler		CODE           	1E02	0000	10
		_EUSART1_SetTxInterruptHandler		CODE           	1DF8	0000	10
		_EUSART1_Initialize		CODE           	1BBA	0000	116
		_EUSART1_DefaultErrorHandler		CODE           	1E30	0000	6
		_EUSART1_SetFramingErrorHandler		CODE           	1E16	0000	10
		_EUSART1_Read  		CODE           	1C2E	0000	72
		_EUSART1_SetOverrunErrorHandler		CODE           	1E0C	0000	10
		_EUSART1_SetErrorHandler		CODE           	1E20	0000	10
		_EUSART1_Receive_ISR		CODE           	1B0A	0000	176
		_EUSART1_RxDataHandler		CODE           	1D6C	0000	38
		_EUSART1_DefaultOverrunErrorHandler		CODE           	1E2A	0000	6
		_EUSART1_Transmit_ISR		CODE           	1CB2	0000	60
		_EUSART1_DefaultFramingErrorHandler		CODE           	1E3C	0000	2

mcc_generated_files/eusart1.c estimated size: 526

mcc_generated_files/mcc.c
		_OSCILLATOR_Initialize		CODE           	1DDC	0000	18
		_SYSTEM_Initialize		CODE           	1DB0	0000	26

mcc_generated_files/mcc.c estimated size: 44

main.c
		_trouver_CPPR  		CODE           	16C6	0000	364
		_main          		CODE           	1A3C	0000	206

main.c estimated size: 570

C:\Program Files\Microchip\xc8\v2.45\pic\sources\c99\common\fltol.c
		___fltol       		CODE           	1832	0000	262

C:\Program Files\Microchip\xc8\v2.45\pic\sources\c99\common\fltol.c estimated size: 262

